267 DEPRECATION: Running PyInstaller as admin is not necessary nor sensible. Run PyInstaller from a non-administrator terminal. PyInstaller 7.0 will block this.
629 INFO: PyInstaller: 6.22.2, contrib hooks: 2026.7
631 INFO: Python: 3.11.16
819 INFO: Platform: Windows-10-10.0.26100-SP0
819 INFO: Python environment: C:\Users\Student\AppData\Local\hermes\hermes-agent\venv
823 INFO: wrote C:\Users\Student\Desktop\github repos\official-gisto-AI-assistant\Gisto.spec
832 INFO: Module search paths (PYTHONPATH):
['C:\\Users\\Student\\Desktop\\github repos\\official-gisto-AI-assistant',
 'C:\\Users\\Student\\AppData\\Roaming\\uv\\python\\cpython-3.11-windows-x86_64-none\\python311.zip',
 'C:\\Users\\Student\\AppData\\Roaming\\uv\\python\\cpython-3.11-windows-x86_64-none\\DLLs',
 'C:\\Users\\Student\\AppData\\Roaming\\uv\\python\\cpython-3.11-windows-x86_64-none\\Lib',
 'C:\\Users\\Student\\AppData\\Roaming\\uv\\python\\cpython-3.11-windows-x86_64-none',
 'C:\\Users\\Student\\AppData\\Local\\hermes\\hermes-agent\\venv',
 'C:\\Users\\Student\\AppData\\Local\\hermes\\hermes-agent\\venv\\Lib\\site-packages',
 '__editable__.hermes_agent-0.20.6.finder.__path_hook__',
 'C:\\Users\\Student\\AppData\\Local\\hermes\\hermes-agent\\venv\\Lib\\site-packages\\win32',
 'C:\\Users\\Student\\AppData\\Local\\hermes\\hermes-agent\\venv\\Lib\\site-packages\\win32\\lib',
 'C:\\Users\\Student\\AppData\\Local\\hermes\\hermes-agent\\venv\\Lib\\site-packages\\Pythonwin',
 'C:\\Users\\Student\\Desktop\\github repos\\official-gisto-AI-assistant']
2714 INFO: Appending 'datas' from .spec
2716 INFO: checking Analysis
2812 INFO: Building because C:\Users\Student\Desktop\github repos\official-gisto-AI-assistant\assets\gisto_icon_tray.png changed
2812 INFO: Looking for Python shared library...
2812 INFO: Using Python shared library: C:\Users\Student\AppData\Roaming\uv\python\cpython-3.11-windows-x86_64-none\python311.dll
2812 INFO: Running Analysis Analysis-00.toc
2812 INFO: Target bytecode optimization level: 0
2812 INFO: Initializing module dependency graph...
2815 INFO: Initializing module graph hook caches...
2903 INFO: Analyzing modules for base_library.zip ...
7567 INFO: Processing standard module hook 'hook-heapq.py' from 'C:\\Users\\Student\\AppData\\Local\\hermes\\hermes-agent\\venv\\Lib\\site-packages\\PyInstaller\\hooks'
7681 INFO: Processing standard module hook 'hook-encodings.py' from 'C:\\Users\\Student\\AppData\\Local\\hermes\\hermes-agent\\venv\\Lib\\site-packages\\PyInstaller\\hooks'
11036 INFO: Processing standard module hook 'hook-math.py' from 'C:\\Users\\Student\\AppData\\Local\\hermes\\hermes-agent\\venv\\Lib\\site-packages\\PyInstaller\\hooks'
11171 INFO: Processing standard module hook 'hook-pickle.py' from 'C:\\Users\\Student\\AppData\\Local\\hermes\\hermes-agent\\venv\\Lib\\site-packages\\PyInstaller\\hooks'
13485 INFO: Caching module dependency graph...
13564 INFO: Analyzing C:\Users\Student\Desktop\github repos\official-gisto-AI-assistant\src\desktop\main.py
13625 INFO: Processing standard module hook 'hook-_ctypes.py' from 'C:\\Users\\Student\\AppData\\Local\\hermes\\hermes-agent\\venv\\Lib\\site-packages\\PyInstaller\\hooks'
13804 INFO: Processing standard module hook 'hook-customtkinter.py' from 'C:\\Users\\Student\\AppData\\Local\\hermes\\hermes-agent\\venv\\Lib\\site-packages\\_pyinstaller_hooks_contrib\\stdhooks'
13956 INFO: Processing pre-find-module-path hook 'hook-tkinter.py' from 'C:\\Users\\Student\\AppData\\Local\\hermes\\hermes-agent\\venv\\Lib\\site-packages\\PyInstaller\\hooks\\pre_find_module_path'
13961 INFO: TclTkInfo: initializing cached Tcl/Tk info...
15236 INFO: Processing standard module hook 'hook-_tkinter.py' from 'C:\\Users\\Student\\AppData\\Local\\hermes\\hermes-agent\\venv\\Lib\\site-packages\\PyInstaller\\hooks'
15354 INFO: Processing standard module hook 'hook-platform.py' from 'C:\\Users\\Student\\AppData\\Local\\hermes\\hermes-agent\\venv\\Lib\\site-packages\\PyInstaller\\hooks'
15363 INFO: Processing pre-safe-import-module hook 'hook-packaging.py' from 'C:\\Users\\Student\\AppData\\Local\\hermes\\hermes-agent\\venv\\Lib\\site-packages\\PyInstaller\\hooks\\pre_safe_import_module'
15367 INFO: SetuptoolsInfo: initializing cached setuptools info...
18063 INFO: Processing pre-safe-import-module hook 'hook-typing_extensions.py' from 'C:\\Users\\Student\\AppData\\Local\\hermes\\hermes-agent\\venv\\Lib\\site-packages\\PyInstaller\\hooks\\pre_safe_import_module'
18488 INFO: Processing standard module hook 'hook-multiprocessing.util.py' from 'C:\\Users\\Student\\AppData\\Local\\hermes\\hermes-agent\\venv\\Lib\\site-packages\\PyInstaller\\hooks'
18734 INFO: Processing standard module hook 'hook-xml.py' from 'C:\\Users\\Student\\AppData\\Local\\hermes\\hermes-agent\\venv\\Lib\\site-packages\\PyInstaller\\hooks'
20199 INFO: Processing standard module hook 'hook-PIL.py' from 'C:\\Users\\Student\\AppData\\Local\\hermes\\hermes-agent\\venv\\Lib\\site-packages\\PyInstaller\\hooks'
20364 INFO: Processing standard module hook 'hook-PIL.Image.py' from 'C:\\Users\\Student\\AppData\\Local\\hermes\\hermes-agent\\venv\\Lib\\site-packages\\PyInstaller\\hooks'
